[www.therefugespa.com/index.html]
[backblue.gif]
[fade.gif]
[index.html]
[assets.website-files.com/5dcc586f8cfd66191ff50b1a/css/therefugespa.webflow.8f77348e2.css]
[ajax.googleapis.com/ajax/libs/webfont/1.6.26/webfont.js]
[use.typekit.net/xmc6vrt.js]
[assets.website-files.com/5dcc586f8cfd66191ff50b1a/5e0b97d23f3d95de4ea05887_RefugeFavicon.png]
[assets.website-files.com/5dcc586f8cfd66191ff50b1a/5dfd4b1a8d0e1ee25b2cc9de_RefugeWebclip.png]
[connect.facebook.net/en_US/fbevents.js]
[assets.website-files.com/5dcc586f8cfd66191ff50b1a/5dcc6051881da4cd8fe6c317_TheRefuge-NavLogo.png]
[www.therefugespa.com/express-spa.html]
[www.therefugespa.com/express-spa-copy.html]
[www.therefugespa.com/massage.html]
[www.therefugespa.com/parties.html]
[www.therefugespa.com/why-refuge.html]
[www.therefugespa.com/healing-heroes.html]
[www.therefugespa.com/the-rise-bar.html]
[www.therefugespa.com/corporate-wellness-solutions.html]
[www.therefugespa.com/shop.html]
[www.therefugespa.com/book-now.html]
[assets.website-files.com/5dcc586f8cfd66191ff50b1a/5dcc64e16f885d666515136e_BlueButtons.png]
[assets.website-files.com/5dcc586f8cfd66191ff50b1a/5dcc586f8cfd667883f50b49_hamburger white.png]
[assets.website-files.com/5dcc586f8cfd66191ff50b1a/5dcc586f8cfd663b76f50b4f_hamburger dark.png]
[assets.website-files.com/5dcc586f8cfd66191ff50b1a/5dcc586f8cfd66bbd7f50b53_5ce21df07e30fbcfab1f4faf_arrow_lines.png]
[assets.website-files.com/5dcc586f8cfd66191ff50b1a/5dcc586f8cfd6652f0f50b4b_5ce22728d0cadb7ad92fb4e2_play_video_img.png]
[assets.website-files.com/5dcc586f8cfd66191ff50b1a/5dcc586f8cfd665970f50b65_5ce2250c8eff8b5cfa0a8f84_365.png]
[assets.website-files.com/5dcc586f8cfd66191ff50b1a/5dcc586f8cfd660276f50b9e_crossfit_white_icon.png]
[assets.website-files.com/5dcc586f8cfd66191ff50b1a/5e13a7c2c017e6e5be0e70e4_MemberIcon.png]
[www.therefugespa.com/class-schedule/voluptate-numquam-copy.html]
[assets.website-files.com/5dcc586f8cfd66191ff50b1a/5dcc586f8cfd66a14bf50b7e_Group 5.png]
[www.therefugespa.com/class-schedule/voluptate-numquam.html]
[www.therefugespa.com/class-schedule/impedit-beatae-laudantium.html]
[www.therefugespa.com/instructors/fay-riggs.html]
[assets.website-files.com/5dcc586f8cfd66191ff50b1a/5dcc586f8cfd662a6cf50b6c_5ce2170524b02ec82553ff73_yogamatter_logo_icon.png]
[www.therefugespa.com/instructors/rebecca-marion.html]
[www.therefugespa.com/instructors/matthew-miles.html]
[www.therefugespa.com/instructors/jessica-hope.html]
[assets.website-files.com/5dcc586f8cfd66191ff50b1a/5df988110201035e4a569aad_HomeImage.png]
[assets.website-files.com/5dcc586f8cfd66191ff50b1a/5dd349e45d0bd91272a82493_MemberPhoto.png]
[assets.website-files.com/5dcc586f8cfd66191ff50b1a/5dd34a26740f61e3667ba283_RRR-Full.png]
[assets.website-files.com/5dcc586f8cfd66191ff50b1a/5dd34a4458fd7f00c4cb5cb7_MemberButton.png]
[assets.website-files.com/5dcc586f8cfd66191ff50b1a/5dd340d4740f61a97e7b7649_Obsidian.png]
[assets.website-files.com/5dcc586f8cfd66191ff50b1a/5dcc586f8cfd66cfc9f50b86_the-huffington-post.png]
[assets.website-files.com/5dcc586f8cfd66191ff50b1a/5dcc586f8cfd661e27f50b73_5ce37d856fb150c0d47858e8_tbl-sisterhood-logo-1200.png]
[assets.website-files.com/5dcc586f8cfd66191ff50b1a/5dcc586f8cfd6625bdf50b78_5ce37d856fb150ca3b7858e9_Yoga-Journal-Logo.png]
[assets.website-files.com/5dcc586f8cfd66191ff50b1a/5dcc586f8cfd66575ef50b66_5ce37d85d4193b271c73319b_mbg-full-logo-black-1.png]
[assets.website-files.com/5dcc586f8cfd66191ff50b1a/5dcc586f8cfd666ac7f50b63_5ce37d848578a880dcd8b967_download.png]
[assets.website-files.com/5dcc586f8cfd66191ff50b1a/5dcf42f5c5a7ed35834fb2f3_Footer-Logo.png]
[assets.website-files.com/5dcc586f8cfd66191ff50b1a/5e138f034ebf03fb97b2a047_RenaissanceLogo.png]
[www.therefugespa.com/careers.html]
[www.therefugespa.com/blog.html]
[assets.website-files.com/5dcc586f8cfd66191ff50b1a/5dcc586f8cfd668910f50b52_33702.png]
[assets.website-files.com/5dcc586f8cfd66191ff50b1a/5dcc586f8cfd665d8ff50b54_174855.png]
[d3e54v103j8qbb.cloudfront.net/js/jquery-3.5.1.min.dc5e7f18c8b02d.js]
[www.therefugespa.com/index.html]
[assets.website-files.com/5dcc586f8cfd66191ff50b1a/5dcc586f8cfd66652ff50bfe_ashley-batz-betmVWGYcLY-unsplash.jpg]
[assets.website-files.com/5dcc586f8cfd66191ff50b1a/5e103fde6a42a450c45167e3_HomeHeader5.png]
[static.ctctcdn.com/js/signup-form-widget/current/signup-form-widget.min.js]
[assets.website-files.com/5dcc586f8cfd66191ff50b1a/js/webflow.d10ec820a.js]
[assets.website-files.com/5dcc586f8cfd66191ff50b1a/5dcc7e89347396e6e313db2e_ChairMassage.png]
[assets.website-files.com/5dcc586f8cfd66191ff50b1a/5deafdb3e942e7ae14393c58_Facials.png]
[assets.website-files.com/5dcc586f8cfd66191ff50b1a/5df97b7fb6c9eb2cc36e36b6_Membership.png]
[assets.website-files.com/5dcc586f8cfd66191ff50b1a/5dcc586f8cfd66452df50bba_cristian-baron-27345-unsplash.jpg]
[assets.website-files.com/5dcc586f8cfd66191ff50b1a/5dcc586f8cfd668704f50bf4_Depositphotos_13788769_xl-2015.jpg]
[assets.website-files.com/5dcc586f8cfd66191ff50b1a/5deafcb2cd173075d690a138_Facials.png]
[assets.website-files.com/5dcc586f8cfd66191ff50b1a/5dcc586f8cfd666809f50be1_geert-pieters-AfgJpWQH4lw-unsplash.jpg]
[assets.website-files.com/5dcc586f8cfd66191ff50b1a/5deafd1451768799b20d5cab_Eyebrows.png]
[assets.website-files.com/5dcc586f8cfd66191ff50b1a/5dcc586f8cfd666f1bf50bf5_cathy-pham-479991-unsplash.jpg]
[assets.website-files.com/5dcc586f8cfd66191ff50b1a/5dd3495b5d0bd97338a822ce_FTR-BKG.png]
[assets.website-files.com/5dcc586f8cfd66191ff50b1a/5deafd2e517687056f0d5ce6_Pedicure.png]
[assets.website-files.com/5dcc586f8cfd66191ff50b1a/5df979e8020103138a563fc6_HomeHeader3.png]
[assets.website-files.com/5dcc586f8cfd66191ff50b1a/5dfacef7d6da96227aa8cc30_Facials.png]
[assets.website-files.com/5dcc586f8cfd66191ff50b1a/5dfacedef91dc5ce4bb1d0fd_Eyebrows.png]
[assets.website-files.com/5dcc586f8cfd66191ff50b1a/5e0a85dc780ce875dab9a663_Pedicure1.png]
[assets.website-files.com/5dcc586f8cfd66191ff50b1a/5e0a6186ad6bad81b2c2e3c4_LockerRoom1.jpg]
[assets.website-files.com/5dcc586f8cfd66191ff50b1a/5e0a61aea0c9903e671a5ea2_LockerRoom2.jpg]
[assets.website-files.com/5dcc586f8cfd66191ff50b1a/5e0a61c8edb754e9ccab3910_LockerRoom3.jpg]
[assets.website-files.com/5dcc586f8cfd66191ff50b1a/5e0a61df76f1c686e3bdbfa9_LockerRoom4.jpg]
[assets.website-files.com/5dcc586f8cfd66191ff50b1a/6045ff03d5e6ef1b4a2a0d56_Rise Bar 1.jpg]
[assets.website-files.com/5dcc586f8cfd66191ff50b1a/6045ff03ff1caf5793352c28_Rise Bar 2.jpg]
[assets.website-files.com/5dcc586f8cfd66191ff50b1a/6045ff083a9c178a5aaa64c3_Rise Bar 3.jpg]
[assets.website-files.com/5dcc586f8cfd66191ff50b1a/604340d20062266a9e0e6df0_LOUNGE & SAUNA 02.jpg]
[assets.website-files.com/5dcc586f8cfd66191ff50b1a/604340d737463b78cff9492f_LOUNGE & SAUNA 01.jpg]
[assets.website-files.com/5dcc586f8cfd66191ff50b1a/604337b4d6d9edada2522bb7_LOUNGE & SAUNA 3.jpg]
[assets.website-files.com/5dcc586f8cfd66191ff50b1a/5e0a7cd676f1c6b71fbe9572_HomeSlide1.png]
[assets.website-files.com/5dcc586f8cfd66191ff50b1a/5e0a7d2974360821d8eb9757_HomeSlide6.png]
[assets.website-files.com/5dcc586f8cfd66191ff50b1a/5e0a7d5376f1c644aebe9884_HomeSlide5.png]
[assets.website-files.com/5dcc586f8cfd66191ff50b1a/5e0a7d82780ce8264bb95f3d_HomeSlide2.png]
[assets.website-files.com/5dcc586f8cfd66191ff50b1a/5e0a6350edb754cf74ab4e21_Bar1.jpg]
[assets.website-files.com/5dcc586f8cfd66191ff50b1a/5e0a636776f1c6883bbdcb54_Bar2.jpg]
[assets.website-files.com/5dcc586f8cfd66191ff50b1a/5e0a6399edb754c94cab4f11_Bar3.jpg]
[assets.website-files.com/5dcc586f8cfd66191ff50b1a/5e0a8923ad6bad704fc44dbb_Risebar2.png]
[assets.website-files.com/5dcc586f8cfd66191ff50b1a/62fd403e62f6506fc38c9194_pexels-annam-w-1050585.jpg]
[assets.website-files.com/5dcc586f8cfd66191ff50b1a/604340dc2c7110a76883a92e_FLOAT POD.jpg]
[assets.website-files.com/5dcc586f8cfd66191ff50b1a/5e13a05b6b2f032a8d145155_floatpod2.png]
[assets.website-files.com/5dcc586f8cfd66191ff50b1a/5e13a3b25aa398e07b110165_PartyLounge.png]
[assets.website-files.com/5dcc586f8cfd66191ff50b1a/604347f40a9acd2cc5f8eb2f_VIP PARTY LOUNGE.jpg]
[assets.website-files.com/5dcc586f8cfd66191ff50b1a/604340dd881c77562c82dca3_LOUNGE & SAUNA 04.jpg]
[assets.website-files.com/5dcc586f8cfd66191ff50b1a/5e0e6861930a8b3309c96e6a_Pedi.png]
[assets.website-files.com/5dcc586f8cfd66191ff50b1a/5fbe3e0c36d41035c1fabef1_REASONS FOR FACIALS.jpg]
[assets.website-files.com/5dcc586f8cfd66191ff50b1a/5e0e67c8f72affa37f44c37b_treatmentchairs.png]
[assets.website-files.com/5dcc586f8cfd66191ff50b1a/5df989bb3a70bf3da78812eb_ExpressSign.png]
[assets.website-files.com/5dcc586f8cfd66191ff50b1a/62fd48a1b1fd7e72220327e7_sj-objio-8hHxO3iYuU0-unsplash.jpg]
[assets.website-files.com/5dcc586f8cfd66191ff50b1a/631a65e0ca54d27b450b1f9e_refuge perris-29.jpg]
[assets.website-files.com/5dcc586f8cfd66191ff50b1a/5e0e680b473c7686a88b2eec_Refresh.png]
[assets.website-files.com/5dcc586f8cfd66191ff50b1a/5dcc586f8cfd66aee2f50c03_iPhone 8 yogamatter image.png]
[assets.website-files.com/5dcc586f8cfd66191ff50b1a/5dcc586f8cfd667461f50bcc_5ce4cd62fd92f1e6d4490196_victor-freitas-570027-unsplash.jpg]
[assets.website-files.com/5dcc586f8cfd66191ff50b1a/css/therefugespa.webflow.8f77348e2.css]
[connect.facebook.net/en_US/fbevents.js]
[assets.website-files.com/5dcc586f8cfd66191ff50b1a/5deafe2d675ba8fdcf73bf20_agave.png]
[widgets.mindbodyonline.com/javascripts/healcode.js]
[assets.website-files.com/5dcc586f8cfd66191ff50b1a/5deaff6fcad217ac27ce6e0c_Nails.png]
[www.therefugespa.com/express-spa.html]
[widgets.healcode.com/javascripts/healcode.js]
[assets.website-files.com/5dcc586f8cfd66191ff50b1a/5deafd89cad217055ace548f_FullServiceSap.png]
[assets.website-files.com/5dcc586f8cfd66191ff50b1a/5dcf0a5735dbb37ad8dfaee0_Aloe1.png]
[www.therefugespa.com/express-spa-copy.html]
[assets.website-files.com/5dcc586f8cfd66191ff50b1a/5e0a80e0ad6bad3d87c415d3_Massage.png]
[www.therefugespa.com/massage.html]
[assets.website-files.com/5dcc586f8cfd66191ff50b1a/5dfb12075b181817bcb60731_Parties.png]
[assets.website-files.com/5dcc586f8cfd66191ff50b1a/5deaff16f88fbc32fe297be4_Succulent.png]
[www.therefugespa.com/location/san-diego.html]
[www.therefugespa.com/location/nyc.html]
[www.therefugespa.com/location/los-angeles.html]
[www.therefugespa.com/parties.html]
[www.therefugespa.com/why-refuge.html]
[assets.website-files.com/5dcc586f8cfd66191ff50b1a/62fd3ff32af454378b52c286_logan-weaver-lgnwvr-dPYXnNIz0IQ-unsplash.jpg]
[www.therefugespa.com/healing-heroes.html]
[assets.website-files.com/5dcc586f8cfd66191ff50b1a/5df97c850201036f6e5653ea_TheRefuge-NavLogo-White.png]
[www.therefugespa.com/the-rise-bar.html]
[assets.website-files.com/5dcc586f8cfd66191ff50b1a/62fc2d8bd02ef315dfc2f23a_pexels-madison-inouye-1382394.jpg]
[www.therefugespa.com/corporate-wellness-solutions.html]
[www.therefugespa.com/product/strawberry-rhubarb-dermafoliant.html]
[www.therefugespa.com/product/stone-crop-whip-moisturizer.html]
[www.therefugespa.com/product/stone-crop-body-oil.html]
[www.therefugespa.com/product/mangosteen-gel-moisturizer.html]
[www.therefugespa.com/product/mangosteen-body-lotion.html]
[www.therefugespa.com/product/firm-skin-acai-cleanser.html]
[www.therefugespa.com/product/firm-skin-acai-booster-serum.html]
[www.therefugespa.com/product/facial-recovery-oil.html]
[www.therefugespa.com/product/coconut-age-corrective-moisturizer.html]
[www.therefugespa.com/product/clear-skin-probiotic-cleanser.html]
[www.therefugespa.com/product/calm-skin-chamomile-cleanser.html]
[www.therefugespa.com/product/stemfactor.html]
[www.therefugespa.com/product/renew.html]
[www.therefugespa.com/product/polish.html]
[www.therefugespa.com/product/infuse.html]
[www.therefugespa.com/product/catalyst-ac-11.html]
[www.therefugespa.com/product/boost.html]
[www.therefugespa.com/category/eminence.html]
[www.therefugespa.com/shop.html]
[assets.website-files.com/5dcc586f8cfd66191ff50b1a/5dccb2b55095d0705ce37bd7_erol-ahmed-80094.jpg]
[www.therefugespa.com/book-now.html]
[www.therefugespa.com/class-schedule/voluptate-numquam-copy.html]
[www.therefugespa.com/class-schedule/voluptate-numquam.html]
[www.therefugespa.com/class-schedule/impedit-beatae-laudantium.html]
[www.therefugespa.com/instructors/fay-riggs.html]
[www.therefugespa.com/instructors/rebecca-marion.html]
[www.therefugespa.com/instructors/matthew-miles.html]
[www.therefugespa.com/instructors/jessica-hope.html]
[assets.website-files.com/5dcc586f8cfd66191ff50b1a/5e0a7dcaad6bad2c7ac3ff83_HomeSlide4.png]
[www.therefugespa.com/careers.html]
[www.therefugespa.com/blog/is-hair-wax-bad-for-your-hair-which-is-better-wax-or-hair-spray.html]
[www.therefugespa.com/blog/different-types-of-facials-how-to-choose-the-right-one.html]
[www.therefugespa.com/blog/9-reasons-to-have-a-spa-party.html]
[www.therefugespa.com/blog/what-are-the-different-types-of-spa-body-treatments.html]
[www.therefugespa.com/blog/12-steps-to-a-successful-massage.html]
[www.therefugespa.com/blog/5-reasons-for-facials.html]
[www.therefugespa.com/blog/what-are-nails-waxing-and-why-should-you-care.html]
[www.therefugespa.com/blog/how-to-prevent-your-nails-from-breaking.html]
[www.therefugespa.com/blog.html]
[www.therefugespa.com/location/san-diego.html]
[www.therefugespa.com/location/nyc.html]
[www.therefugespa.com/location/los-angeles.html]
[www.therefugespa.com/product/strawberry-rhubarb-dermafoliant.html]
[www.therefugespa.com/product/stone-crop-whip-moisturizer.html]
[www.therefugespa.com/product/stone-crop-body-oil.html]
[www.therefugespa.com/product/mangosteen-gel-moisturizer.html]
[www.therefugespa.com/product/mangosteen-body-lotion.html]
[www.therefugespa.com/product/firm-skin-acai-cleanser.html]
[www.therefugespa.com/product/firm-skin-acai-booster-serum.html]
[www.therefugespa.com/product/facial-recovery-oil.html]
[www.therefugespa.com/product/coconut-age-corrective-moisturizer.html]
[www.therefugespa.com/product/clear-skin-probiotic-cleanser.html]
[www.therefugespa.com/product/calm-skin-chamomile-cleanser.html]
[www.therefugespa.com/product/stemfactor.html]
[www.therefugespa.com/_https_/assets.website-files.com/5dcc586f8cfd663061f50b26/5efb503c8a0ba8aaab7e5978_Copy-of-Renew.png_]
